// Vitest Snapshot v1, https://vitest.dev/guide/snapshot.html

exports[`HTTP Instrumentation > should create a span for a request 1`] = `
{
  "attributes": ArrayContaining [
    {
      "key": "http.method",
      "value": {
        "stringValue": StringMatching /\\(GET\\|POST\\|PUT\\|DELETE\\|PATCH\\|OPTIONS\\|HEAD\\)/,
      },
    },
    {
      "key": "http.status_code",
      "value": {
        "intValue": Any<Number>,
      },
    },
  ],
  "droppedAttributesCount": Any<Number>,
  "droppedEventsCount": Any<Number>,
  "droppedLinksCount": Any<Number>,
  "endTimeUnixNano": StringMatching /\\^\\[0-9\\]\\+\\$/,
  "events": Any<Array>,
  "kind": 2,
  "links": Any<Array>,
  "name": Any<String>,
  "resourceAttributes": ArrayContaining [
    {
      "key": Any<String>,
      "value": Any<Object>,
    },
  ],
  "spanId": StringMatching /\\^\\[0-9a-fA-F\\]\\+\\$/,
  "startTimeUnixNano": StringMatching /\\^\\[0-9\\]\\+\\$/,
  "status": ObjectContaining {
    "code": Any<Number>,
  },
  "traceId": StringMatching /\\^\\[0-9a-fA-F\\]\\+\\$/,
}
`;
